<html>
<head>
 <script>/*<![CDATA[*/function doStuff(){
  alert("<hello!>");
 }/*]]>*/</script>
 <style>/*<![CDATA[*/<><><>/*]]>*/</style>
</head>
<body>
<p>/*<![CDATA[*/test/*]]>*/</p></body>
</html>